Archive member included to satisfy reference by file (symbol)

d:/xc8/avr/bin/../lib/gcc/avr/5.4.0/avr5/memx-const\libgcc.a(_exit.o)
                              C:/Users/LEGION/.mchp_packs/Microchip/ATmega_DFP/2.3.126/xc8/avr/lib/avr5/memx-const/crtatmega328p.o (exit)
d:/xc8/avr/bin/../lib/gcc/avr/5.4.0/avr5/memx-const\libgcc.a(_copy_data.o)
                              build/default/production/Buttons.o (__do_copy_data)
d:/xc8/avr/bin/../lib/gcc/avr/5.4.0/avr5/memx-const\libgcc.a(_umulhisi3.o)
                              build/default/production/main.o (__umulhisi3)

Allocating common symbols
Common symbol       size              file

DecimalPoint        0x1               build/default/production/ssd.o
CdTimer             0x1               build/default/production/main.o
BtnFSMState         0x1               build/default/production/Buttons.o
BtnFlags            0x1               build/default/production/Buttons.o
BTNTimeCount        0x2               build/default/production/Buttons.o
digits              0x4               build/default/production/ssd.o
BtnState            0x1               build/default/production/Buttons.o

Discarded input sections

 .data          0x0000000000000000        0x0 C:/Users/LEGION/.mchp_packs/Microchip/ATmega_DFP/2.3.126/xc8/avr/lib/avr5/memx-const/crtatmega328p.o
 .bss           0x0000000000000000        0x0 C:/Users/LEGION/.mchp_packs/Microchip/ATmega_DFP/2.3.126/xc8/avr/lib/avr5/memx-const/crtatmega328p.o
 .text          0x0000000000000000        0x0 build/default/production/main.o
 .data          0x0000000000000000        0x0 build/default/production/main.o
 .bss           0x0000000000000000        0x0 build/default/production/main.o
 .text          0x0000000000000000        0x0 build/default/production/Uno_Nano_utils.o
 .data          0x0000000000000000        0x0 build/default/production/Uno_Nano_utils.o
 .bss           0x0000000000000000        0x0 build/default/production/Uno_Nano_utils.o
 .text.DelayAprox10Us
                0x0000000000000000       0x3a build/default/production/Uno_Nano_utils.o
 .debug_info    0x0000000000000000      0x277 build/default/production/Uno_Nano_utils.o
 .debug_abbrev  0x0000000000000000       0x64 build/default/production/Uno_Nano_utils.o
 .debug_loc     0x0000000000000000       0x75 build/default/production/Uno_Nano_utils.o
 .debug_aranges
                0x0000000000000000       0x20 build/default/production/Uno_Nano_utils.o
 .debug_ranges  0x0000000000000000       0x10 build/default/production/Uno_Nano_utils.o
 .debug_line    0x0000000000000000       0xa9 build/default/production/Uno_Nano_utils.o
 .debug_str     0x0000000000000000        0x0 build/default/production/Uno_Nano_utils.o
 .comment       0x0000000000000000       0x30 build/default/production/Uno_Nano_utils.o
 .debug_frame   0x0000000000000000       0x24 build/default/production/Uno_Nano_utils.o
 .text          0x0000000000000000        0x0 build/default/production/ssd.o
 .data          0x0000000000000000        0x0 build/default/production/ssd.o
 .bss           0x0000000000000000        0x0 build/default/production/ssd.o
 .text.DisplayOff
                0x0000000000000000        0x6 build/default/production/ssd.o
 .text          0x0000000000000000        0x0 build/default/production/Buttons.o
 .data          0x0000000000000000        0x0 build/default/production/Buttons.o
 .bss           0x0000000000000000        0x0 build/default/production/Buttons.o
 .progmemx.data.BTN_PINS
                0x0000000000000000        0x1 build/default/production/Buttons.o
 .text          0x0000000000000000        0x0 d:/xc8/avr/bin/../lib/gcc/avr/5.4.0/avr5/memx-const\libgcc.a(_exit.o)
 .data          0x0000000000000000        0x0 d:/xc8/avr/bin/../lib/gcc/avr/5.4.0/avr5/memx-const\libgcc.a(_exit.o)
 .bss           0x0000000000000000        0x0 d:/xc8/avr/bin/../lib/gcc/avr/5.4.0/avr5/memx-const\libgcc.a(_exit.o)
 .text.libgcc.mul
                0x0000000000000000        0x0 d:/xc8/avr/bin/../lib/gcc/avr/5.4.0/avr5/memx-const\libgcc.a(_exit.o)
 .text.libgcc.div
                0x0000000000000000        0x0 d:/xc8/avr/bin/../lib/gcc/avr/5.4.0/avr5/memx-const\libgcc.a(_exit.o)
 .text.libgcc   0x0000000000000000        0x0 d:/xc8/avr/bin/../lib/gcc/avr/5.4.0/avr5/memx-const\libgcc.a(_exit.o)
 .text.libgcc.prologue
                0x0000000000000000        0x0 d:/xc8/avr/bin/../lib/gcc/avr/5.4.0/avr5/memx-const\libgcc.a(_exit.o)
 .text.libgcc.builtins
                0x0000000000000000        0x0 d:/xc8/avr/bin/../lib/gcc/avr/5.4.0/avr5/memx-const\libgcc.a(_exit.o)
 .text.libgcc.fmul
                0x0000000000000000        0x0 d:/xc8/avr/bin/../lib/gcc/avr/5.4.0/avr5/memx-const\libgcc.a(_exit.o)
 .text.libgcc.fixed
                0x0000000000000000        0x0 d:/xc8/avr/bin/../lib/gcc/avr/5.4.0/avr5/memx-const\libgcc.a(_exit.o)
 .text          0x0000000000000000        0x0 d:/xc8/avr/bin/../lib/gcc/avr/5.4.0/avr5/memx-const\libgcc.a(_copy_data.o)
 .data          0x0000000000000000        0x0 d:/xc8/avr/bin/../lib/gcc/avr/5.4.0/avr5/memx-const\libgcc.a(_copy_data.o)
 .bss           0x0000000000000000        0x0 d:/xc8/avr/bin/../lib/gcc/avr/5.4.0/avr5/memx-const\libgcc.a(_copy_data.o)
 .text.libgcc.mul
                0x0000000000000000        0x0 d:/xc8/avr/bin/../lib/gcc/avr/5.4.0/avr5/memx-const\libgcc.a(_copy_data.o)
 .text.libgcc.div
                0x0000000000000000        0x0 d:/xc8/avr/bin/../lib/gcc/avr/5.4.0/avr5/memx-const\libgcc.a(_copy_data.o)
 .text.libgcc   0x0000000000000000        0x0 d:/xc8/avr/bin/../lib/gcc/avr/5.4.0/avr5/memx-const\libgcc.a(_copy_data.o)
 .text.libgcc.prologue
                0x0000000000000000        0x0 d:/xc8/avr/bin/../lib/gcc/avr/5.4.0/avr5/memx-const\libgcc.a(_copy_data.o)
 .text.libgcc.builtins
                0x0000000000000000        0x0 d:/xc8/avr/bin/../lib/gcc/avr/5.4.0/avr5/memx-const\libgcc.a(_copy_data.o)
 .text.libgcc.fmul
                0x0000000000000000        0x0 d:/xc8/avr/bin/../lib/gcc/avr/5.4.0/avr5/memx-const\libgcc.a(_copy_data.o)
 .text.libgcc.fixed
                0x0000000000000000        0x0 d:/xc8/avr/bin/../lib/gcc/avr/5.4.0/avr5/memx-const\libgcc.a(_copy_data.o)
 .text          0x0000000000000000        0x0 d:/xc8/avr/bin/../lib/gcc/avr/5.4.0/avr5/memx-const\libgcc.a(_umulhisi3.o)
 .data          0x0000000000000000        0x0 d:/xc8/avr/bin/../lib/gcc/avr/5.4.0/avr5/memx-const\libgcc.a(_umulhisi3.o)
 .bss           0x0000000000000000        0x0 d:/xc8/avr/bin/../lib/gcc/avr/5.4.0/avr5/memx-const\libgcc.a(_umulhisi3.o)
 .text.libgcc.div
                0x0000000000000000        0x0 d:/xc8/avr/bin/../lib/gcc/avr/5.4.0/avr5/memx-const\libgcc.a(_umulhisi3.o)
 .text.libgcc   0x0000000000000000        0x0 d:/xc8/avr/bin/../lib/gcc/avr/5.4.0/avr5/memx-const\libgcc.a(_umulhisi3.o)
 .text.libgcc.prologue
                0x0000000000000000        0x0 d:/xc8/avr/bin/../lib/gcc/avr/5.4.0/avr5/memx-const\libgcc.a(_umulhisi3.o)
 .text.libgcc.builtins
                0x0000000000000000        0x0 d:/xc8/avr/bin/../lib/gcc/avr/5.4.0/avr5/memx-const\libgcc.a(_umulhisi3.o)
 .text.libgcc.fmul
                0x0000000000000000        0x0 d:/xc8/avr/bin/../lib/gcc/avr/5.4.0/avr5/memx-const\libgcc.a(_umulhisi3.o)
 .text.libgcc.fixed
                0x0000000000000000        0x0 d:/xc8/avr/bin/../lib/gcc/avr/5.4.0/avr5/memx-const\libgcc.a(_umulhisi3.o)

Memory Configuration

Name             Origin             Length             Attributes
text             0x0000000000000000 0x0000000000008000 xr
data             0x0000000000800100 0x0000000000000800 rw !x
eeprom           0x0000000000810000 0x0000000000000400 rw !x
fuse             0x0000000000820000 0x0000000000000003 rw !x
lock             0x0000000000830000 0x0000000000000400 rw !x
signature        0x0000000000840000 0x0000000000000400 rw !x
user_signatures  0x0000000000850000 0x0000000000000400 rw !x
*default*        0x0000000000000000 0xffffffffffffffff

Linker script and memory map

Address of section .data set to 0x800100
LOAD C:/Users/LEGION/.mchp_packs/Microchip/ATmega_DFP/2.3.126/xc8/avr/lib/avr5/memx-const/crtatmega328p.o
                0x0000000000000001                __MPLAB_BUILD = 0x1
LOAD build/default/production/main.o
LOAD build/default/production/Uno_Nano_utils.o
LOAD build/default/production/ssd.o
LOAD build/default/production/Buttons.o
START GROUP
LOAD d:/xc8/avr/bin/../lib/gcc/avr/5.4.0/../../../../avr/lib/avr5/memx-const\libm.a
END GROUP
START GROUP
LOAD d:/xc8/avr/bin/../lib/gcc/avr/5.4.0/avr5/memx-const\libgcc.a
LOAD d:/xc8/avr/bin/../lib/gcc/avr/5.4.0/../../../../avr/lib/avr5/memx-const\libm.a
LOAD d:/xc8/avr/bin/../lib/gcc/avr/5.4.0/../../../../avr/lib/avr5/memx-const\libc.a
LOAD C:/Users/LEGION/.mchp_packs/Microchip/ATmega_DFP/2.3.126/xc8/avr/lib/avr5/memx-const\libatmega328p.a
END GROUP
                0x0000000000000000                __TEXT_REGION_ORIGIN__ = DEFINED (__TEXT_REGION_ORIGIN__)?__TEXT_REGION_ORIGIN__:0x0
                [0x0000000000800100]                __DATA_REGION_ORIGIN__ = DEFINED (__DATA_REGION_ORIGIN__)?__DATA_REGION_ORIGIN__:0x800060
                [0x0000000000008000]                __TEXT_REGION_LENGTH__ = DEFINED (__TEXT_REGION_LENGTH__)?__TEXT_REGION_LENGTH__:0x20000
                [0x0000000000000800]                __DATA_REGION_LENGTH__ = DEFINED (__DATA_REGION_LENGTH__)?__DATA_REGION_LENGTH__:0xffa0
                [0x0000000000000400]                __EEPROM_REGION_LENGTH__ = DEFINED (__EEPROM_REGION_LENGTH__)?__EEPROM_REGION_LENGTH__:0x10000
                [0x0000000000000003]                __FUSE_REGION_LENGTH__ = DEFINED (__FUSE_REGION_LENGTH__)?__FUSE_REGION_LENGTH__:0x400
                0x0000000000000400                __LOCK_REGION_LENGTH__ = DEFINED (__LOCK_REGION_LENGTH__)?__LOCK_REGION_LENGTH__:0x400
                0x0000000000000400                __SIGNATURE_REGION_LENGTH__ = DEFINED (__SIGNATURE_REGION_LENGTH__)?__SIGNATURE_REGION_LENGTH__:0x400
                0x0000000000000400                __USER_SIGNATURE_REGION_LENGTH__ = DEFINED (__USER_SIGNATURE_REGION_LENGTH__)?__USER_SIGNATURE_REGION_LENGTH__:0x400

.hash
 *(.hash)

.dynsym
 *(.dynsym)

.dynstr
 *(.dynstr)

.gnu.version
 *(.gnu.version)

.gnu.version_d
 *(.gnu.version_d)

.gnu.version_r
 *(.gnu.version_r)

.rel.init
 *(.rel.init)

.rela.init
 *(.rela.init)

.rel.text
 *(.rel.text)
 *(.rel.text.*)
 *(.rel.gnu.linkonce.t*)

.rela.text
 *(.rela.text)
 *(.rela.text.*)
 *(.rela.gnu.linkonce.t*)

.rel.fini
 *(.rel.fini)

.rela.fini
 *(.rela.fini)

.rel.rodata
 *(.rel.rodata)
 *(.rel.rodata.*)
 *(.rel.gnu.linkonce.r*)

.rela.rodata
 *(.rela.rodata)
 *(.rela.rodata.*)
 *(.rela.gnu.linkonce.r*)

.rel.data
 *(.rel.data)
 *(.rel.data.*)
 *(.rel.gnu.linkonce.d*)

.rela.data
 *(.rela.data)
 *(.rela.data.*)
 *(.rela.gnu.linkonce.d*)

.rel.ctors
 *(.rel.ctors)

.rela.ctors
 *(.rela.ctors)

.rel.dtors
 *(.rel.dtors)

.rela.dtors
 *(.rela.dtors)

.rel.got
 *(.rel.got)

.rela.got
 *(.rela.got)

.rel.bss
 *(.rel.bss)

.rela.bss
 *(.rela.bss)

.rel.plt
 *(.rel.plt)

.rela.plt
 *(.rela.plt)

.text           0x0000000000000000       0xce
 *(.vectors)
 .vectors       0x0000000000000000       0x68 C:/Users/LEGION/.mchp_packs/Microchip/ATmega_DFP/2.3.126/xc8/avr/lib/avr5/memx-const/crtatmega328p.o
                0x0000000000000000                __vector_default
                0x0000000000000000                __vectors
 *(.vectors)
 *(.progmem.gcc*)
 *(.dinit)
 .dinit         0x0000000000000068       0x11 data_init
                0x000000000000007a                . = ALIGN (0x2)
 *fill*         0x0000000000000079        0x1 
                0x000000000000007a                __trampolines_start = .
 *(.trampolines)
 .trampolines   0x000000000000007a        0x0 linker stubs
 *(.trampolines*)
                0x000000000000007a                __trampolines_end = .
 *libprintf_flt.a:*(.progmem.data)
 *libc.a:*(.progmem.data)
                0x000000000000007a                . = ALIGN (0x2)
 *(.jumptables)
 *(.jumptables*)
 *(.lowtext)
 *(.lowtext*)
                0x000000000000007a                __ctors_start = .
 *(.ctors)
                0x000000000000007a                __ctors_end = .
                0x000000000000007a                __dtors_start = .
 *(.dtors)
                0x000000000000007a                __dtors_end = .
 SORT(*)(.ctors)
 SORT(*)(.dtors)
 *(.init0)
 .init0         0x000000000000007a        0x0 C:/Users/LEGION/.mchp_packs/Microchip/ATmega_DFP/2.3.126/xc8/avr/lib/avr5/memx-const/crtatmega328p.o
                0x000000000000007a                __init
 *(.init0)
 *(.init1)
 *(.init1)
 *(.init2)
 .init2         0x000000000000007a        0xc C:/Users/LEGION/.mchp_packs/Microchip/ATmega_DFP/2.3.126/xc8/avr/lib/avr5/memx-const/crtatmega328p.o
 *(.init2)
 *(.init3)
 *(.init3)
 *(.init4)
 .init4         0x0000000000000086       0x3c d:/xc8/avr/bin/../lib/gcc/avr/5.4.0/avr5/memx-const\libgcc.a(_copy_data.o)
                0x0000000000000086                __do_copy_data
                0x00000000000000b4                __do_clear_bss
 *(.init4)
 *(.init5)
 *(.init5)
 *(.init6)
 *(.init6)
 *(.init7)
 *(.init7)
 *(.init8)
 *(.init8)
 *(.init9)
 .init9         0x00000000000000c2        0x8 C:/Users/LEGION/.mchp_packs/Microchip/ATmega_DFP/2.3.126/xc8/avr/lib/avr5/memx-const/crtatmega328p.o
 *(.init9)
                0x00000000000000ca                . = ALIGN (0x2)
 *(.fini9)
 .fini9         0x00000000000000ca        0x0 d:/xc8/avr/bin/../lib/gcc/avr/5.4.0/avr5/memx-const\libgcc.a(_exit.o)
                0x00000000000000ca                _exit
                0x00000000000000ca                exit
 *(.fini9)
 *(.fini8)
 *(.fini8)
 *(.fini7)
 *(.fini7)
 *(.fini6)
 *(.fini6)
 *(.fini5)
 *(.fini5)
 *(.fini4)
 *(.fini4)
 *(.fini3)
 *(.fini3)
 *(.fini2)
 *(.fini2)
 *(.fini1)
 *(.fini1)
 *(.fini0)
 .fini0         0x00000000000000ca        0x4 d:/xc8/avr/bin/../lib/gcc/avr/5.4.0/avr5/memx-const\libgcc.a(_exit.o)
 *(.fini0)
                0x00000000000000ce                _etext = .

.data           0x0000000000800100        0x0 load address 0x00000000000000ce
                [!provide]                        PROVIDE (__data_start, .)
 *(.gnu.linkonce.d*)
 *(.gnu.linkonce.r*)
                0x0000000000800100                . = ALIGN (0x2)
                0x0000000000800100                _edata = .
                [!provide]                        PROVIDE (__data_end, .)

.bss            0x0000000000800100        0xb
                [!provide]                        PROVIDE (__bss_start, .)
 *(COMMON)
 COMMON         0x0000000000800100        0x1 build/default/production/main.o
                0x0000000000800100                CdTimer
 COMMON         0x0000000000800101        0x5 build/default/production/ssd.o
                0x0000000000800101                DecimalPoint
                0x0000000000800102                digits
 COMMON         0x0000000000800106        0x5 build/default/production/Buttons.o
                0x0000000000800106                BtnFSMState
                0x0000000000800107                BtnFlags
                0x0000000000800108                BTNTimeCount
                0x000000000080010a                BtnState
                [!provide]                        PROVIDE (__bss_end, .)
                0x00000000000000ce                __data_load_start = LOADADDR (.data)
                0x00000000000000ce                __data_load_end = (__data_load_start + SIZEOF (.data))

.noinit         0x000000000080010b        0x0
                [!provide]                        PROVIDE (__noinit_start, .)
 *(.noinit*)
                [!provide]                        PROVIDE (__noinit_end, .)
                0x000000000080010b                _end = .

.eeprom         0x0000000000810000        0x0
 *(.eeprom*)
                0x0000000000810000                __eeprom_end = .

.fuse
 *(.fuse)
 *(.lfuse)
 *(.hfuse)
 *(.efuse)

.lock
 *(.lock*)

.signature
 *(.signature*)

.user_signatures
 *(.user_signatures*)

.stab
 *(.stab)

.stabstr
 *(.stabstr)

.stab.excl
 *(.stab.excl)

.stab.exclstr
 *(.stab.exclstr)

.stab.index
 *(.stab.index)

.stab.indexstr
 *(.stab.indexstr)

.comment        0x0000000000000000       0x2f
 *(.comment)
 .comment       0x0000000000000000       0x2f build/default/production/main.o
                                         0x30 (size before relaxing)
 .comment       0x000000000000002f       0x30 build/default/production/ssd.o
 .comment       0x000000000000002f       0x30 build/default/production/Buttons.o

.note.gnu.build-id
 *(.note.gnu.build-id)

.debug
 *(.debug)

.line
 *(.line)

.debug_srcinfo
 *(.debug_srcinfo)

.debug_sfnames
 *(.debug_sfnames)

.debug_aranges  0x0000000000000000       0xe0
 *(.debug_aranges)
 .debug_aranges
                0x0000000000000000       0x50 build/default/production/main.o
 .debug_aranges
                0x0000000000000050       0x60 build/default/production/ssd.o
 .debug_aranges
                0x00000000000000b0       0x30 build/default/production/Buttons.o

.debug_pubnames
 *(.debug_pubnames)

.debug_info     0x0000000000000000     0x174b
 *(.debug_info .gnu.linkonce.wi.*)
 .debug_info    0x0000000000000000      0x5f4 C:/Users/LEGION/.mchp_packs/Microchip/ATmega_DFP/2.3.126/xc8/avr/lib/avr5/memx-const/crtatmega328p.o
 .debug_info    0x00000000000005f4      0x757 build/default/production/main.o
 .debug_info    0x0000000000000d4b      0x530 build/default/production/ssd.o
 .debug_info    0x000000000000127b      0x4d0 build/default/production/Buttons.o

.debug_abbrev   0x0000000000000000      0x92c
 *(.debug_abbrev)
 .debug_abbrev  0x0000000000000000      0x5a2 C:/Users/LEGION/.mchp_packs/Microchip/ATmega_DFP/2.3.126/xc8/avr/lib/avr5/memx-const/crtatmega328p.o
 .debug_abbrev  0x00000000000005a2      0x18b build/default/production/main.o
 .debug_abbrev  0x000000000000072d      0x12f build/default/production/ssd.o
 .debug_abbrev  0x000000000000085c       0xd0 build/default/production/Buttons.o

.debug_line     0x0000000000000000      0xa98
 *(.debug_line .debug_line.* .debug_line_end)
 .debug_line    0x0000000000000000      0x137 C:/Users/LEGION/.mchp_packs/Microchip/ATmega_DFP/2.3.126/xc8/avr/lib/avr5/memx-const/crtatmega328p.o
 .debug_line    0x0000000000000137      0x4b1 build/default/production/main.o
 .debug_line    0x00000000000005e8      0x34e build/default/production/ssd.o
 .debug_line    0x0000000000000936      0x162 build/default/production/Buttons.o

.debug_frame    0x0000000000000000      0x230
 *(.debug_frame)
 .debug_frame   0x0000000000000000       0xd4 build/default/production/main.o
 .debug_frame   0x00000000000000d4       0xf8 build/default/production/ssd.o
 .debug_frame   0x00000000000001cc       0x64 build/default/production/Buttons.o

.debug_str      0x0000000000000000      0x27d
 *(.debug_str)
 .debug_str     0x0000000000000000      0x208 C:/Users/LEGION/.mchp_packs/Microchip/ATmega_DFP/2.3.126/xc8/avr/lib/avr5/memx-const/crtatmega328p.o
 .debug_str     0x0000000000000208       0x64 build/default/production/main.o
 .debug_str     0x000000000000026c       0x11 build/default/production/ssd.o
 .debug_str     0x000000000000027d        0x0 build/default/production/Buttons.o

.debug_loc      0x0000000000000000      0x2ff
 *(.debug_loc)
 .debug_loc     0x0000000000000000       0x6e build/default/production/main.o
 .debug_loc     0x000000000000006e      0x25d build/default/production/ssd.o
 .debug_loc     0x00000000000002cb       0x34 build/default/production/Buttons.o

.debug_macinfo
 *(.debug_macinfo)

.debug_weaknames
 *(.debug_weaknames)

.debug_funcnames
 *(.debug_funcnames)

.debug_typenames
 *(.debug_typenames)

.debug_varnames
 *(.debug_varnames)

.debug_pubtypes
 *(.debug_pubtypes)

.debug_ranges   0x0000000000000000       0xb0
 *(.debug_ranges)
 .debug_ranges  0x0000000000000000       0x40 build/default/production/main.o
 .debug_ranges  0x0000000000000040       0x50 build/default/production/ssd.o
 .debug_ranges  0x0000000000000090       0x20 build/default/production/Buttons.o

.debug_macro
 *(.debug_macro)
OUTPUT(dist/default/production/Proiect46IliesSebastianMPLAB.X.production.elf elf32-avr)
LOAD linker stubs
LOAD data_init

.note.gnu.avr.deviceinfo
                0x0000000000000000       0x40
 .note.gnu.avr.deviceinfo
                0x0000000000000000       0x40 C:/Users/LEGION/.mchp_packs/Microchip/ATmega_DFP/2.3.126/xc8/avr/lib/avr5/memx-const/crtatmega328p.o

.bss.AlarmState
                0x0000000000800113        0x1
 .bss.AlarmState
                0x0000000000800113        0x1 build/default/production/main.o
                0x0000000000800113                AlarmState

.bss.LongPausePeriod_Tick
                0x0000000000800114        0x1
 .bss.LongPausePeriod_Tick
                0x0000000000800114        0x1 build/default/production/main.o
                0x0000000000800114                LongPausePeriod_Tick

.bss.ShortPausePeriod_Tick
                0x0000000000800115        0x1
 .bss.ShortPausePeriod_Tick
                0x0000000000800115        0x1 build/default/production/main.o
                0x0000000000800115                ShortPausePeriod_Tick

.bss.SoundPeriod_Tick
                0x0000000000800116        0x1
 .bss.SoundPeriod_Tick
                0x0000000000800116        0x1 build/default/production/main.o
                0x0000000000800116                SoundPeriod_Tick

.bss.AlarmTimeCount
                0x000000000080010b        0x2
 .bss.AlarmTimeCount
                0x000000000080010b        0x2 build/default/production/main.o
                0x000000000080010b                AlarmTimeCount

.bss.CdTimerState
                0x0000000000800117        0x1
 .bss.CdTimerState
                0x0000000000800117        0x1 build/default/production/main.o
                0x0000000000800117                CdTimerState

.bss.FiveSecDelay
                0x0000000000800118        0x1
 .bss.FiveSecDelay
                0x0000000000800118        0x1 build/default/production/main.o
                0x0000000000800118                FiveSecDelay

.bss.Timebase_Tick
                0x0000000000800119        0x1
 .bss.Timebase_Tick
                0x0000000000800119        0x1 build/default/production/main.o
                0x0000000000800119                Timebase_Tick

.bss.DelayCount
                0x000000000080010d        0x2
 .bss.DelayCount
                0x000000000080010d        0x2 build/default/production/main.o
                0x000000000080010d                DelayCount

.bss.TimebaseCount
                0x000000000080010f        0x2
 .bss.TimebaseCount
                0x000000000080010f        0x2 build/default/production/main.o
                0x000000000080010f                TimebaseCount

.bss.EnDisplay  0x000000000080011a        0x1
 .bss.EnDisplay
                0x000000000080011a        0x1 build/default/production/ssd.o
                0x000000000080011a                EnDisplay

.bss.AnodePause
                0x000000000080011b        0x1
 .bss.AnodePause
                0x000000000080011b        0x1 build/default/production/ssd.o
                0x000000000080011b                AnodePause

.bss.BlankDigit
                0x000000000080011c        0x1
 .bss.BlankDigit
                0x000000000080011c        0x1 build/default/production/ssd.o
                0x000000000080011c                BlankDigit

.bss.CurrentDigitIndex
                0x000000000080011d        0x1
 .bss.CurrentDigitIndex
                0x000000000080011d        0x1 build/default/production/ssd.o
                0x000000000080011d                CurrentDigitIndex

.progmemx.data.digitSegments
                0x00000000000000ce       0x11
 .progmemx.data.digitSegments
                0x00000000000000ce       0x11 build/default/production/ssd.o
                0x00000000000000ce                digitSegments

.text.main      0x00000000000000e0      0x158
 .text.main     0x00000000000000e0      0x158 build/default/production/main.o
                0x00000000000000e0                main

.text.__vector_11
                0x0000000000000238      0x13c
 .text.__vector_11
                0x0000000000000238      0x13c build/default/production/main.o
                0x0000000000000238                __vector_11

.text.AlarmFSM  0x0000000000000374      0x122
 .text.AlarmFSM
                0x0000000000000374      0x122 build/default/production/main.o
                0x0000000000000374                AlarmFSM

.text.__vector_16
                0x0000000000000496      0x10c
 .text.__vector_16
                0x0000000000000496      0x10c build/default/production/ssd.o
                0x0000000000000496                __vector_16

.text.Format4DigitBCDNumber
                0x00000000000005a2       0xbc
 .text.Format4DigitBCDNumber
                0x00000000000005a2       0xbc build/default/production/ssd.o
                0x00000000000005a2                Format4DigitBCDNumber

.text.CdTimerFSM
                0x000000000000065e       0xb2
 .text.CdTimerFSM
                0x000000000000065e       0xb2 build/default/production/main.o
                0x000000000000065e                CdTimerFSM

.text.BtnFSM    0x0000000000000710       0x9c
 .text.BtnFSM   0x0000000000000710       0x9c build/default/production/Buttons.o
                0x0000000000000710                BtnFSM

.text.__vector_4
                0x00000000000007ac       0x76
 .text.__vector_4
                0x00000000000007ac       0x76 build/default/production/Buttons.o
                0x00000000000007ac                __vector_4

.text.DisplaySingleDigit
                0x0000000000000822       0x68
 .text.DisplaySingleDigit
                0x0000000000000822       0x68 build/default/production/ssd.o
                0x0000000000000822                DisplaySingleDigit

.text.init_Display
                0x000000000000088a       0x40
 .text.init_Display
                0x000000000000088a       0x40 build/default/production/ssd.o
                0x000000000000088a                init_Display

.text.DisplayRawNumber
                0x00000000000008ca       0x3a
 .text.DisplayRawNumber
                0x00000000000008ca       0x3a build/default/production/ssd.o
                0x00000000000008ca                DisplayRawNumber

.text.ConfigureandStartTimer1
                0x0000000000000904       0x36
 .text.ConfigureandStartTimer1
                0x0000000000000904       0x36 build/default/production/main.o
                0x0000000000000904                ConfigureandStartTimer1

.text.Init_Buttons
                0x000000000000093a       0x2a
 .text.Init_Buttons
                0x000000000000093a       0x2a build/default/production/Buttons.o
                0x000000000000093a                Init_Buttons

.text.FormatAndDisplay
                0x0000000000000964       0x28
 .text.FormatAndDisplay
                0x0000000000000964       0x28 build/default/production/main.o
                0x0000000000000964                FormatAndDisplay

.text.TurnOnDigit
                0x000000000000098c       0x24
 .text.TurnOnDigit
                0x000000000000098c       0x24 build/default/production/ssd.o
                0x000000000000098c                TurnOnDigit

.text.ConfigureTimer2
                0x00000000000009b0       0x22
 .text.ConfigureTimer2
                0x00000000000009b0       0x22 build/default/production/main.o
                0x00000000000009b0                ConfigureTimer2

.text.TurnOffDigit
                0x00000000000009d2       0x22
 .text.TurnOffDigit
                0x00000000000009d2       0x22 build/default/production/ssd.o
                0x00000000000009d2                TurnOffDigit

.text.libgcc.mul
                0x00000000000009f4       0x1e
 .text.libgcc.mul
                0x00000000000009f4       0x1e d:/xc8/avr/bin/../lib/gcc/avr/5.4.0/avr5/memx-const\libgcc.a(_umulhisi3.o)
                0x00000000000009f4                __umulhisi3

.text.DisplayOn
                0x0000000000000a12        0x8
 .text.DisplayOn
                0x0000000000000a12        0x8 build/default/production/ssd.o
                0x0000000000000a12                DisplayOn

.text           0x0000000000000a1a        0x4
 .text          0x0000000000000a1a        0x4 C:/Users/LEGION/.mchp_packs/Microchip/ATmega_DFP/2.3.126/xc8/avr/lib/avr5/memx-const/crtatmega328p.o
                0x0000000000000a1a                __vector_22
                0x0000000000000a1a                __vector_1
                0x0000000000000a1a                __vector_24
                0x0000000000000a1a                __vector_12
                0x0000000000000a1a                __bad_interrupt
                0x0000000000000a1a                __vector_6
                0x0000000000000a1a                __vector_3
                0x0000000000000a1a                __vector_23
                0x0000000000000a1a                __vector_25
                0x0000000000000a1a                __vector_13
                0x0000000000000a1a                __vector_17
                0x0000000000000a1a                __vector_19
                0x0000000000000a1a                __vector_7
                0x0000000000000a1a                __vector_5
                0x0000000000000a1a                __vector_9
                0x0000000000000a1a                __vector_2
                0x0000000000000a1a                __vector_21
                0x0000000000000a1a                __vector_15
                0x0000000000000a1a                __vector_8
                0x0000000000000a1a                __vector_14
                0x0000000000000a1a                __vector_10
                0x0000000000000a1a                __vector_18
                0x0000000000000a1a                __vector_20

.data.BTN_PIN_REGS
                0x0000000000800111        0x2 load address 0x0000000000000a1e
 .data.BTN_PIN_REGS
                0x0000000000800111        0x2 build/default/production/Buttons.o
                0x0000000000800111                BTN_PIN_REGS
